>>> matrix_divided = __import__('2-matrix_divided').matrix_divided

>>> print(matrix)
[[1, 2, 3],[4, 5, 6]]

>>> print(matrix_divided(matrix, " "))
Traceback (most recent call last):
TypeError: div must be a number

>>> print(matrix_divided(matrix, 3))
[[0.37, -0.67, 1.17], [1.47, 1.73, 2.07]]
[[1.1, -2, 3.5], [4.4, 5.2, 6.2]]

>>> print(matrix_divided(matrix))
Traceback (most recent call last):
NameError: name 'matrix' is not defined

>>> matrix = [[1, 2, 3, 9],[4, 5, 6]]
>>> print(matrix_divided(matrix, 3))
Traceback (most recent call last):
TypeError: Each row of the matrix must have the same size

>>> matrix = [[1, "d", 3],[4, 5, 6]]
>>> print(matrix_divided(matrix, 3))
Traceback (most recent call last):
TypeError: matrix must be a matrix (list of lists) of integers/floats